<html>
<body>
<pre>
<h1>µVision Build Log</h1>
<h2>Project:</h2>
C:\445L\Lab3_445L\ADCSWTrigger.uvproj
Project File Date:  02/10/2016

<h2>Output:</h2>
Rebuild target 'ADCSWTrigger'
assembling startup.s...
compiling ADCSWTrigger.c...
compiling ADCTestMain.c...
ADCTestMain.c(198): warning:  #550-D: variable "timejitter" was set but never used
        uint32_t timejitter, j, min, max, outsidecount;
ADCTestMain.c: 1 warning, 0 errors
compiling PLL.c...
compiling ST7735.c...
linking...
Program Size: Code=4068 RO-data=2052 RW-data=72 ZI-data=9528  
".\ADCSWTrigger.axf" - 0 Error(s), 1 Warning(s).
