<html>
<body>
<pre>
<h1>µVision Build Log</h1>
<h2>Project:</h2>
C:\Users\Connor Lewis\Desktop\445L\Downloads\ADCSWTrigger_4C123\ADCSWTrigger.uvproj
Project File Date:  08/09/2014

<h2>Output:</h2>
</pre>
</body>
</html>
er'
assembling startup.s...
compiling ADCSWTrigger.c...
compiling ADCTestMain.c...
ADCTestMain.c(198): warning:  #550-D: variable "timejitter" was set but never used
        uint32_t timejitter, j, min, max, outsidecount;
ADCTestMain.c: 1 warning, 0 errors
compiling PLL.c...
compiling ST7735.c...
linking...
Program Size: Code=4068 RO-data=2052 RW-data=72 ZI-data=9528  
".\ADCSWTrigger.axf" - 0 Error(s), 1 Warning(s).
</pre>
</body>
</html>
ier "SYSDIV2" is undefined
                    + (SYSDIV2<<22);      // configure for 80 MHz clock
PLL.c: 0 warnings, 2 errors
compiling ST7735.c...
".\ADCSWTrigger.axf" - 2 Error(s), 1 Warning(s).
Target not created
